// Jest Snapshot v1, https://goo.gl/fbAQLP

exports[`snapshot of my github account 1`] = `
<div
  className="card"
  style={
    Object {
      "width": "18rem",
    }
  }
>
  <img
    className="card-img-top"
    src="github.jpg"
  />
  <div
    className="card-body"
  >
    <div
      className="card-title h5"
    >
      isek7or
    </div>
    <p
      className="card-text"
    >
      We are young developers with a bright future.
    </p>
  </div>
</div>
`;
